============================= test session starts =============================
platform win32 -- Python 3.13.7, pytest-7.4.4, pluggy-1.6.0
rootdir: C:\Users\hp\Downloads\New folder (6)\transitops-odoo-hackathon-2026
plugins: anyio-4.11.0, dash-3.2.0, hypothesis-6.152.7, asyncio-0.23.3, cov-6.2.1
asyncio: mode=Mode.STRICT
collected 9 items

backend\tests\test_quick_actions.py FFF                                  [ 33%]
backend\tests\test_recent_actions.py FF                                  [ 55%]
backend\tests\test_quick_action_permissions.py .F                        [ 77%]
backend\tests\test_quick_action_favorites.py FF                          [100%]

================================== FAILURES ===================================
_________________________ test_list_available_actions _________________________
backend\tests\test_quick_actions.py:25: in test_list_available_actions
    assert len(response.json()["data"]) == 3
E   assert 0 == 3
E    +  where 0 = len([])
---------------------------- Captured stdout setup ----------------------------
Starting TransitOps v1.0.0
Environment: development
Database: configured
Database tables created
-------------------------- Captured stdout teardown ---------------------------
Shutting down TransitOps
____________________ test_execute_action_success_and_logs _____________________
backend\tests\test_quick_actions.py:31: in test_execute_action_success_and_logs
    response = client.post(f"/api/v1/quick-actions/{action.id}/execute", headers=admin_token_headers)
C:\Python313\Lib\site-packages\starlette\testclient.py:593: in post
    return super().post(
C:\Python313\Lib\site-packages\httpx\_client.py:1146: in post
    return self.request(
C:\Python313\Lib\site-packages\starlette\testclient.py:468: in request
    return super().request(
C:\Python313\Lib\site-packages\httpx\_client.py:828: in request
    return self.send(request, auth=auth, follow_redirects=follow_redirects)
C:\Python313\Lib\site-packages\httpx\_client.py:915: in send
    response = self._send_handling_auth(
C:\Python313\Lib\site-packages\httpx\_client.py:943: in _send_handling_auth
    response = self._send_handling_redirects(
C:\Python313\Lib\site-packages\httpx\_client.py:980: in _send_handling_redirects
    response = self._send_single_request(request)
C:\Python313\Lib\site-packages\httpx\_client.py:1016: in _send_single_request
    response = transport.handle_request(request)
C:\Python313\Lib\site-packages\starlette\testclient.py:344: in handle_request
    raise exc
C:\Python313\Lib\site-packages\starlette\testclient.py:341: in handle_request
    portal.call(self.app, scope, receive, send)
C:\Python313\Lib\site-packages\anyio\from_thread.py:321: in call
    return cast(T_Retval, self.start_task_soon(func, *args).result())
C:\Python313\Lib\concurrent\futures\_base.py:456: in result
    return self.__get_result()
C:\Python313\Lib\concurrent\futures\_base.py:401: in __get_result
    raise self._exception
C:\Python313\Lib\site-packages\anyio\from_thread.py:252: in _call_func
    retval = await retval_or_awaitable
C:\Python313\Lib\site-packages\fastapi\applications.py:1054: in __call__
    await super().__call__(scope, receive, send)
C:\Python313\Lib\site-packages\starlette\applications.py:123: in __call__
    await self.middleware_stack(scope, receive, send)
C:\Python313\Lib\site-packages\starlette\middleware\errors.py:186: in __call__
    raise exc
C:\Python313\Lib\site-packages\starlette\middleware\errors.py:164: in __call__
    await self.app(scope, receive, _send)
C:\Python313\Lib\site-packages\starlette\middleware\cors.py:83: in __call__
    await self.app(scope, receive, send)
C:\Python313\Lib\site-packages\starlette\middleware\exceptions.py:62: in __call__
    await wrap_app_handling_exceptions(self.app, conn)(scope, receive, send)
C:\Python313\Lib\site-packages\starlette\_exception_handler.py:64: in wrapped_app
    raise exc
C:\Python313\Lib\site-packages\starlette\_exception_handler.py:53: in wrapped_app
    await app(scope, receive, sender)
C:\Python313\Lib\site-packages\starlette\routing.py:762: in __call__
    await self.middleware_stack(scope, receive, send)
C:\Python313\Lib\site-packages\starlette\routing.py:782: in app
    await route.handle(scope, receive, send)
C:\Python313\Lib\site-packages\starlette\routing.py:297: in handle
    await self.app(scope, receive, send)
C:\Python313\Lib\site-packages\starlette\routing.py:77: in app
    await wrap_app_handling_exceptions(app, request)(scope, receive, send)
C:\Python313\Lib\site-packages\starlette\_exception_handler.py:64: in wrapped_app
    raise exc
C:\Python313\Lib\site-packages\starlette\_exception_handler.py:53: in wrapped_app
    await app(scope, receive, sender)
C:\Python313\Lib\site-packages\starlette\routing.py:72: in app
    response = await func(request)
C:\Python313\Lib\site-packages\fastapi\routing.py:299: in app
    raise e
C:\Python313\Lib\site-packages\fastapi\routing.py:294: in app
    raw_response = await run_endpoint_function(
C:\Python313\Lib\site-packages\fastapi\routing.py:193: in run_endpoint_function
    return await run_in_threadpool(dependant.call, **values)
C:\Python313\Lib\site-packages\starlette\concurrency.py:40: in run_in_threadpool
    return await anyio.to_thread.run_sync(func, *args)
C:\Python313\Lib\site-packages\anyio\to_thread.py:56: in run_sync
    return await get_async_backend().run_sync_in_worker_thread(
C:\Python313\Lib\site-packages\anyio\_backends\_asyncio.py:2485: in run_sync_in_worker_thread
    return await future
C:\Python313\Lib\site-packages\anyio\_backends\_asyncio.py:976: in run
    result = context.run(func, *args)
backend\app\api\v1\quick_actions.py:111: in execute_action
    result = service.execute_action(action_id, current_user)
backend\app\services\quick_action_service.py:186: in execute_action
    activity_service.log_activity(self.repository.db, ActivityCreate(
E   NameError: name 'activity_service' is not defined
---------------------------- Captured stdout setup ----------------------------
Starting TransitOps v1.0.0
Environment: development
Database: configured
Database tables created
-------------------------- Captured stdout teardown ---------------------------
Shutting down TransitOps
___________________________ test_export_statistics ____________________________
backend\tests\test_quick_actions.py:43: in test_export_statistics
    response = client.get("/api/v1/quick-actions/export/statistics?format=csv", headers=admin_token_headers)
C:\Python313\Lib\site-packages\starlette\testclient.py:502: in get
    return super().get(
C:\Python313\Lib\site-packages\httpx\_client.py:1055: in get
    return self.request(
C:\Python313\Lib\site-packages\starlette\testclient.py:468: in request
    return super().request(
C:\Python313\Lib\site-packages\httpx\_client.py:828: in request
    return self.send(request, auth=auth, follow_redirects=follow_redirects)
C:\Python313\Lib\site-packages\httpx\_client.py:915: in send
    response = self._send_handling_auth(
C:\Python313\Lib\site-packages\httpx\_client.py:943: in _send_handling_auth
    response = self._send_handling_redirects(
C:\Python313\Lib\site-packages\httpx\_client.py:980: in _send_handling_redirects
    response = self._send_single_request(request)
C:\Python313\Lib\site-packages\httpx\_client.py:1016: in _send_single_request
    response = transport.handle_request(request)
C:\Python313\Lib\site-packages\starlette\testclient.py:344: in handle_request
    raise exc
C:\Python313\Lib\site-packages\starlette\testclient.py:341: in handle_request
    portal.call(self.app, scope, receive, send)
C:\Python313\Lib\site-packages\anyio\from_thread.py:321: in call
    return cast(T_Retval, self.start_task_soon(func, *args).result())
C:\Python313\Lib\concurrent\futures\_base.py:456: in result
    return self.__get_result()
C:\Python313\Lib\concurrent\futures\_base.py:401: in __get_result
    raise self._exception
C:\Python313\Lib\site-packages\anyio\from_thread.py:252: in _call_func
    retval = await retval_or_awaitable
C:\Python313\Lib\site-packages\fastapi\applications.py:1054: in __call__
    await super().__call__(scope, receive, send)
C:\Python313\Lib\site-packages\starlette\applications.py:123: in __call__
    await self.middleware_stack(scope, receive, send)
C:\Python313\Lib\site-packages\starlette\middleware\errors.py:186: in __call__
    raise exc
C:\Python313\Lib\site-packages\starlette\middleware\errors.py:164: in __call__
    await self.app(scope, receive, _send)
C:\Python313\Lib\site-packages\starlette\middleware\cors.py:83: in __call__
    await self.app(scope, receive, send)
C:\Python313\Lib\site-packages\starlette\middleware\exceptions.py:62: in __call__
    await wrap_app_handling_exceptions(self.app, conn)(scope, receive, send)
C:\Python313\Lib\site-packages\starlette\_exception_handler.py:64: in wrapped_app
    raise exc
C:\Python313\Lib\site-packages\starlette\_exception_handler.py:53: in wrapped_app
    await app(scope, receive, sender)
C:\Python313\Lib\site-packages\starlette\routing.py:762: in __call__
    await self.middleware_stack(scope, receive, send)
C:\Python313\Lib\site-packages\starlette\routing.py:782: in app
    await route.handle(scope, receive, send)
C:\Python313\Lib\site-packages\starlette\routing.py:297: in handle
    await self.app(scope, receive, send)
C:\Python313\Lib\site-packages\starlette\routing.py:77: in app
    await wrap_app_handling_exceptions(app, request)(scope, receive, send)
C:\Python313\Lib\site-packages\starlette\_exception_handler.py:64: in wrapped_app
    raise exc
C:\Python313\Lib\site-packages\starlette\_exception_handler.py:53: in wrapped_app
    await app(scope, receive, sender)
C:\Python313\Lib\site-packages\starlette\routing.py:72: in app
    response = await func(request)
C:\Python313\Lib\site-packages\fastapi\routing.py:299: in app
    raise e
C:\Python313\Lib\site-packages\fastapi\routing.py:294: in app
    raw_response = await run_endpoint_function(
C:\Python313\Lib\site-packages\fastapi\routing.py:193: in run_endpoint_function
    return await run_in_threadpool(dependant.call, **values)
C:\Python313\Lib\site-packages\starlette\concurrency.py:40: in run_in_threadpool
    return await anyio.to_thread.run_sync(func, *args)
C:\Python313\Lib\site-packages\anyio\to_thread.py:56: in run_sync
    return await get_async_backend().run_sync_in_worker_thread(
C:\Python313\Lib\site-packages\anyio\_backends\_asyncio.py:2485: in run_sync_in_worker_thread
    return await future
C:\Python313\Lib\site-packages\anyio\_backends\_asyncio.py:976: in run
    result = context.run(func, *args)
backend\app\api\v1\quick_actions.py:155: in export_data
    filename, content, media_type = service.export_data(current_user, format.lower(), export_type.lower())
backend\app\services\quick_action_service.py:343: in export_data
    filename = f"quick_actions_{export_type}_{datetime.utcnow().strftime('%Y%m%d%H%M%S')}"
E   NameError: name 'datetime' is not defined. Did you forget to import 'datetime'?
---------------------------- Captured stdout setup ----------------------------
Starting TransitOps v1.0.0
Environment: development
Database: configured
Database tables created
-------------------------- Captured stdout teardown ---------------------------
Shutting down TransitOps
___________________ test_recent_actions_logged_and_limited ____________________
backend\tests\test_recent_actions.py:17: in test_recent_actions_logged_and_limited
    client.post(f"/api/v1/quick-actions/{action.id}/execute", headers=admin_token_headers)
C:\Python313\Lib\site-packages\starlette\testclient.py:593: in post
    return super().post(
C:\Python313\Lib\site-packages\httpx\_client.py:1146: in post
    return self.request(
C:\Python313\Lib\site-packages\starlette\testclient.py:468: in request
    return super().request(
C:\Python313\Lib\site-packages\httpx\_client.py:828: in request
    return self.send(request, auth=auth, follow_redirects=follow_redirects)
C:\Python313\Lib\site-packages\httpx\_client.py:915: in send
    response = self._send_handling_auth(
C:\Python313\Lib\site-packages\httpx\_client.py:943: in _send_handling_auth
    response = self._send_handling_redirects(
C:\Python313\Lib\site-packages\httpx\_client.py:980: in _send_handling_redirects
    response = self._send_single_request(request)
C:\Python313\Lib\site-packages\httpx\_client.py:1016: in _send_single_request
    response = transport.handle_request(request)
C:\Python313\Lib\site-packages\starlette\testclient.py:344: in handle_request
    raise exc
C:\Python313\Lib\site-packages\starlette\testclient.py:341: in handle_request
    portal.call(self.app, scope, receive, send)
C:\Python313\Lib\site-packages\anyio\from_thread.py:321: in call
    return cast(T_Retval, self.start_task_soon(func, *args).result())
C:\Python313\Lib\concurrent\futures\_base.py:456: in result
    return self.__get_result()
C:\Python313\Lib\concurrent\futures\_base.py:401: in __get_result
    raise self._exception
C:\Python313\Lib\site-packages\anyio\from_thread.py:252: in _call_func
    retval = await retval_or_awaitable
C:\Python313\Lib\site-packages\fastapi\applications.py:1054: in __call__
    await super().__call__(scope, receive, send)
C:\Python313\Lib\site-packages\starlette\applications.py:123: in __call__
    await self.middleware_stack(scope, receive, send)
C:\Python313\Lib\site-packages\starlette\middleware\errors.py:186: in __call__
    raise exc
C:\Python313\Lib\site-packages\starlette\middleware\errors.py:164: in __call__
    await self.app(scope, receive, _send)
C:\Python313\Lib\site-packages\starlette\middleware\cors.py:83: in __call__
    await self.app(scope, receive, send)
C:\Python313\Lib\site-packages\starlette\middleware\exceptions.py:62: in __call__
    await wrap_app_handling_exceptions(self.app, conn)(scope, receive, send)
C:\Python313\Lib\site-packages\starlette\_exception_handler.py:64: in wrapped_app
    raise exc
C:\Python313\Lib\site-packages\starlette\_exception_handler.py:53: in wrapped_app
    await app(scope, receive, sender)
C:\Python313\Lib\site-packages\starlette\routing.py:762: in __call__
    await self.middleware_stack(scope, receive, send)
C:\Python313\Lib\site-packages\starlette\routing.py:782: in app
    await route.handle(scope, receive, send)
C:\Python313\Lib\site-packages\starlette\routing.py:297: in handle
    await self.app(scope, receive, send)
C:\Python313\Lib\site-packages\starlette\routing.py:77: in app
    await wrap_app_handling_exceptions(app, request)(scope, receive, send)
C:\Python313\Lib\site-packages\starlette\_exception_handler.py:64: in wrapped_app
    raise exc
C:\Python313\Lib\site-packages\starlette\_exception_handler.py:53: in wrapped_app
    await app(scope, receive, sender)
C:\Python313\Lib\site-packages\starlette\routing.py:72: in app
    response = await func(request)
C:\Python313\Lib\site-packages\fastapi\routing.py:299: in app
    raise e
C:\Python313\Lib\site-packages\fastapi\routing.py:294: in app
    raw_response = await run_endpoint_function(
C:\Python313\Lib\site-packages\fastapi\routing.py:193: in run_endpoint_function
    return await run_in_threadpool(dependant.call, **values)
C:\Python313\Lib\site-packages\starlette\concurrency.py:40: in run_in_threadpool
    return await anyio.to_thread.run_sync(func, *args)
C:\Python313\Lib\site-packages\anyio\to_thread.py:56: in run_sync
    return await get_async_backend().run_sync_in_worker_thread(
C:\Python313\Lib\site-packages\anyio\_backends\_asyncio.py:2485: in run_sync_in_worker_thread
    return await future
C:\Python313\Lib\site-packages\anyio\_backends\_asyncio.py:976: in run
    result = context.run(func, *args)
backend\app\api\v1\quick_actions.py:111: in execute_action
    result = service.execute_action(action_id, current_user)
backend\app\services\quick_action_service.py:186: in execute_action
    activity_service.log_activity(self.repository.db, ActivityCreate(
E   NameError: name 'activity_service' is not defined
---------------------------- Captured stdout setup ----------------------------
Starting TransitOps v1.0.0
Environment: development
Database: configured
Database tables created
-------------------------- Captured stdout teardown ---------------------------
Shutting down TransitOps
___________________________ test_export_recent_json ___________________________
backend\tests\test_recent_actions.py:31: in test_export_recent_json
    client.post(f"/api/v1/quick-actions/{action.id}/execute", headers=admin_token_headers)
C:\Python313\Lib\site-packages\starlette\testclient.py:593: in post
    return super().post(
C:\Python313\Lib\site-packages\httpx\_client.py:1146: in post
    return self.request(
C:\Python313\Lib\site-packages\starlette\testclient.py:468: in request
    return super().request(
C:\Python313\Lib\site-packages\httpx\_client.py:828: in request
    return self.send(request, auth=auth, follow_redirects=follow_redirects)
C:\Python313\Lib\site-packages\httpx\_client.py:915: in send
    response = self._send_handling_auth(
C:\Python313\Lib\site-packages\httpx\_client.py:943: in _send_handling_auth
    response = self._send_handling_redirects(
C:\Python313\Lib\site-packages\httpx\_client.py:980: in _send_handling_redirects
    response = self._send_single_request(request)
C:\Python313\Lib\site-packages\httpx\_client.py:1016: in _send_single_request
    response = transport.handle_request(request)
C:\Python313\Lib\site-packages\starlette\testclient.py:344: in handle_request
    raise exc
C:\Python313\Lib\site-packages\starlette\testclient.py:341: in handle_request
    portal.call(self.app, scope, receive, send)
C:\Python313\Lib\site-packages\anyio\from_thread.py:321: in call
    return cast(T_Retval, self.start_task_soon(func, *args).result())
C:\Python313\Lib\concurrent\futures\_base.py:456: in result
    return self.__get_result()
C:\Python313\Lib\concurrent\futures\_base.py:401: in __get_result
    raise self._exception
C:\Python313\Lib\site-packages\anyio\from_thread.py:252: in _call_func
    retval = await retval_or_awaitable
C:\Python313\Lib\site-packages\fastapi\applications.py:1054: in __call__
    await super().__call__(scope, receive, send)
C:\Python313\Lib\site-packages\starlette\applications.py:123: in __call__
    await self.middleware_stack(scope, receive, send)
C:\Python313\Lib\site-packages\starlette\middleware\errors.py:186: in __call__
    raise exc
C:\Python313\Lib\site-packages\starlette\middleware\errors.py:164: in __call__
    await self.app(scope, receive, _send)
C:\Python313\Lib\site-packages\starlette\middleware\cors.py:83: in __call__
    await self.app(scope, receive, send)
C:\Python313\Lib\site-packages\starlette\middleware\exceptions.py:62: in __call__
    await wrap_app_handling_exceptions(self.app, conn)(scope, receive, send)
C:\Python313\Lib\site-packages\starlette\_exception_handler.py:64: in wrapped_app
    raise exc
C:\Python313\Lib\site-packages\starlette\_exception_handler.py:53: in wrapped_app
    await app(scope, receive, sender)
C:\Python313\Lib\site-packages\starlette\routing.py:762: in __call__
    await self.middleware_stack(scope, receive, send)
C:\Python313\Lib\site-packages\starlette\routing.py:782: in app
    await route.handle(scope, receive, send)
C:\Python313\Lib\site-packages\starlette\routing.py:297: in handle
    await self.app(scope, receive, send)
C:\Python313\Lib\site-packages\starlette\routing.py:77: in app
    await wrap_app_handling_exceptions(app, request)(scope, receive, send)
C:\Python313\Lib\site-packages\starlette\_exception_handler.py:64: in wrapped_app
    raise exc
C:\Python313\Lib\site-packages\starlette\_exception_handler.py:53: in wrapped_app
    await app(scope, receive, sender)
C:\Python313\Lib\site-packages\starlette\routing.py:72: in app
    response = await func(request)
C:\Python313\Lib\site-packages\fastapi\routing.py:299: in app
    raise e
C:\Python313\Lib\site-packages\fastapi\routing.py:294: in app
    raw_response = await run_endpoint_function(
C:\Python313\Lib\site-packages\fastapi\routing.py:193: in run_endpoint_function
    return await run_in_threadpool(dependant.call, **values)
C:\Python313\Lib\site-packages\starlette\concurrency.py:40: in run_in_threadpool
    return await anyio.to_thread.run_sync(func, *args)
C:\Python313\Lib\site-packages\anyio\to_thread.py:56: in run_sync
    return await get_async_backend().run_sync_in_worker_thread(
C:\Python313\Lib\site-packages\anyio\_backends\_asyncio.py:2485: in run_sync_in_worker_thread
    return await future
C:\Python313\Lib\site-packages\anyio\_backends\_asyncio.py:976: in run
    result = context.run(func, *args)
backend\app\api\v1\quick_actions.py:111: in execute_action
    result = service.execute_action(action_id, current_user)
backend\app\services\quick_action_service.py:186: in execute_action
    activity_service.log_activity(self.repository.db, ActivityCreate(
E   NameError: name 'activity_service' is not defined
---------------------------- Captured stdout setup ----------------------------
Starting TransitOps v1.0.0
Environment: development
Database: configured
Database tables created
-------------------------- Captured stdout teardown ---------------------------
Shutting down TransitOps
______________ test_execute_permission_denied_logs_notification _______________
backend\tests\test_quick_action_permissions.py:31: in test_execute_permission_denied_logs_notification
    response = client.post(f"/api/v1/quick-actions/{action.id}/execute", headers=driver_token_headers)
C:\Python313\Lib\site-packages\starlette\testclient.py:593: in post
    return super().post(
C:\Python313\Lib\site-packages\httpx\_client.py:1146: in post
    return self.request(
C:\Python313\Lib\site-packages\starlette\testclient.py:468: in request
    return super().request(
C:\Python313\Lib\site-packages\httpx\_client.py:828: in request
    return self.send(request, auth=auth, follow_redirects=follow_redirects)
C:\Python313\Lib\site-packages\httpx\_client.py:915: in send
    response = self._send_handling_auth(
C:\Python313\Lib\site-packages\httpx\_client.py:943: in _send_handling_auth
    response = self._send_handling_redirects(
C:\Python313\Lib\site-packages\httpx\_client.py:980: in _send_handling_redirects
    response = self._send_single_request(request)
C:\Python313\Lib\site-packages\httpx\_client.py:1016: in _send_single_request
    response = transport.handle_request(request)
C:\Python313\Lib\site-packages\starlette\testclient.py:344: in handle_request
    raise exc
C:\Python313\Lib\site-packages\starlette\testclient.py:341: in handle_request
    portal.call(self.app, scope, receive, send)
C:\Python313\Lib\site-packages\anyio\from_thread.py:321: in call
    return cast(T_Retval, self.start_task_soon(func, *args).result())
C:\Python313\Lib\concurrent\futures\_base.py:456: in result
    return self.__get_result()
C:\Python313\Lib\concurrent\futures\_base.py:401: in __get_result
    raise self._exception
C:\Python313\Lib\site-packages\anyio\from_thread.py:252: in _call_func
    retval = await retval_or_awaitable
C:\Python313\Lib\site-packages\fastapi\applications.py:1054: in __call__
    await super().__call__(scope, receive, send)
C:\Python313\Lib\site-packages\starlette\applications.py:123: in __call__
    await self.middleware_stack(scope, receive, send)
C:\Python313\Lib\site-packages\starlette\middleware\errors.py:186: in __call__
    raise exc
C:\Python313\Lib\site-packages\starlette\middleware\errors.py:164: in __call__
    await self.app(scope, receive, _send)
C:\Python313\Lib\site-packages\starlette\middleware\cors.py:83: in __call__
    await self.app(scope, receive, send)
C:\Python313\Lib\site-packages\starlette\middleware\exceptions.py:62: in __call__
    await wrap_app_handling_exceptions(self.app, conn)(scope, receive, send)
C:\Python313\Lib\site-packages\starlette\_exception_handler.py:64: in wrapped_app
    raise exc
C:\Python313\Lib\site-packages\starlette\_exception_handler.py:53: in wrapped_app
    await app(scope, receive, sender)
C:\Python313\Lib\site-packages\starlette\routing.py:762: in __call__
    await self.middleware_stack(scope, receive, send)
C:\Python313\Lib\site-packages\starlette\routing.py:782: in app
    await route.handle(scope, receive, send)
C:\Python313\Lib\site-packages\starlette\routing.py:297: in handle
    await self.app(scope, receive, send)
C:\Python313\Lib\site-packages\starlette\routing.py:77: in app
    await wrap_app_handling_exceptions(app, request)(scope, receive, send)
C:\Python313\Lib\site-packages\starlette\_exception_handler.py:64: in wrapped_app
    raise exc
C:\Python313\Lib\site-packages\starlette\_exception_handler.py:53: in wrapped_app
    await app(scope, receive, sender)
C:\Python313\Lib\site-packages\starlette\routing.py:72: in app
    response = await func(request)
C:\Python313\Lib\site-packages\fastapi\routing.py:299: in app
    raise e
C:\Python313\Lib\site-packages\fastapi\routing.py:294: in app
    raw_response = await run_endpoint_function(
C:\Python313\Lib\site-packages\fastapi\routing.py:193: in run_endpoint_function
    return await run_in_threadpool(dependant.call, **values)
C:\Python313\Lib\site-packages\starlette\concurrency.py:40: in run_in_threadpool
    return await anyio.to_thread.run_sync(func, *args)
C:\Python313\Lib\site-packages\anyio\to_thread.py:56: in run_sync
    return await get_async_backend().run_sync_in_worker_thread(
C:\Python313\Lib\site-packages\anyio\_backends\_asyncio.py:2485: in run_sync_in_worker_thread
    return await future
C:\Python313\Lib\site-packages\anyio\_backends\_asyncio.py:976: in run
    result = context.run(func, *args)
backend\app\api\v1\quick_actions.py:111: in execute_action
    result = service.execute_action(action_id, current_user)
backend\app\services\quick_action_service.py:186: in execute_action
    activity_service.log_activity(self.repository.db, ActivityCreate(
E   NameError: name 'activity_service' is not defined
---------------------------- Captured stdout setup ----------------------------
Starting TransitOps v1.0.0
Environment: development
Database: configured
Database tables created
-------------------------- Captured stdout teardown ---------------------------
Shutting down TransitOps
________________________ test_add_and_remove_favorite _________________________
backend\tests\test_quick_action_favorites.py:19: in test_add_and_remove_favorite
    assert res.status_code == 200
E   assert 403 == 200
E    +  where 403 = <Response [403 Forbidden]>.status_code
---------------------------- Captured stdout setup ----------------------------
Starting TransitOps v1.0.0
Environment: development
Database: configured
Database tables created
-------------------------- Captured stdout teardown ---------------------------
Shutting down TransitOps
__________________________ test_favorites_export_pdf __________________________
backend\tests\test_quick_action_favorites.py:32: in test_favorites_export_pdf
    response = client.get("/api/v1/quick-actions/export/favorites?format=pdf", headers=admin_token_headers)
C:\Python313\Lib\site-packages\starlette\testclient.py:502: in get
    return super().get(
C:\Python313\Lib\site-packages\httpx\_client.py:1055: in get
    return self.request(
C:\Python313\Lib\site-packages\starlette\testclient.py:468: in request
    return super().request(
C:\Python313\Lib\site-packages\httpx\_client.py:828: in request
    return self.send(request, auth=auth, follow_redirects=follow_redirects)
C:\Python313\Lib\site-packages\httpx\_client.py:915: in send
    response = self._send_handling_auth(
C:\Python313\Lib\site-packages\httpx\_client.py:943: in _send_handling_auth
    response = self._send_handling_redirects(
C:\Python313\Lib\site-packages\httpx\_client.py:980: in _send_handling_redirects
    response = self._send_single_request(request)
C:\Python313\Lib\site-packages\httpx\_client.py:1016: in _send_single_request
    response = transport.handle_request(request)
C:\Python313\Lib\site-packages\starlette\testclient.py:344: in handle_request
    raise exc
C:\Python313\Lib\site-packages\starlette\testclient.py:341: in handle_request
    portal.call(self.app, scope, receive, send)
C:\Python313\Lib\site-packages\anyio\from_thread.py:321: in call
    return cast(T_Retval, self.start_task_soon(func, *args).result())
C:\Python313\Lib\concurrent\futures\_base.py:456: in result
    return self.__get_result()
C:\Python313\Lib\concurrent\futures\_base.py:401: in __get_result
    raise self._exception
C:\Python313\Lib\site-packages\anyio\from_thread.py:252: in _call_func
    retval = await retval_or_awaitable
C:\Python313\Lib\site-packages\fastapi\applications.py:1054: in __call__
    await super().__call__(scope, receive, send)
C:\Python313\Lib\site-packages\starlette\applications.py:123: in __call__
    await self.middleware_stack(scope, receive, send)
C:\Python313\Lib\site-packages\starlette\middleware\errors.py:186: in __call__
    raise exc
C:\Python313\Lib\site-packages\starlette\middleware\errors.py:164: in __call__
    await self.app(scope, receive, _send)
C:\Python313\Lib\site-packages\starlette\middleware\cors.py:83: in __call__
    await self.app(scope, receive, send)
C:\Python313\Lib\site-packages\starlette\middleware\exceptions.py:62: in __call__
    await wrap_app_handling_exceptions(self.app, conn)(scope, receive, send)
C:\Python313\Lib\site-packages\starlette\_exception_handler.py:64: in wrapped_app
    raise exc
C:\Python313\Lib\site-packages\starlette\_exception_handler.py:53: in wrapped_app
    await app(scope, receive, sender)
C:\Python313\Lib\site-packages\starlette\routing.py:762: in __call__
    await self.middleware_stack(scope, receive, send)
C:\Python313\Lib\site-packages\starlette\routing.py:782: in app
    await route.handle(scope, receive, send)
C:\Python313\Lib\site-packages\starlette\routing.py:297: in handle
    await self.app(scope, receive, send)
C:\Python313\Lib\site-packages\starlette\routing.py:77: in app
    await wrap_app_handling_exceptions(app, request)(scope, receive, send)
C:\Python313\Lib\site-packages\starlette\_exception_handler.py:64: in wrapped_app
    raise exc
C:\Python313\Lib\site-packages\starlette\_exception_handler.py:53: in wrapped_app
    await app(scope, receive, sender)
C:\Python313\Lib\site-packages\starlette\routing.py:72: in app
    response = await func(request)
C:\Python313\Lib\site-packages\fastapi\routing.py:299: in app
    raise e
C:\Python313\Lib\site-packages\fastapi\routing.py:294: in app
    raw_response = await run_endpoint_function(
C:\Python313\Lib\site-packages\fastapi\routing.py:193: in run_endpoint_function
    return await run_in_threadpool(dependant.call, **values)
C:\Python313\Lib\site-packages\starlette\concurrency.py:40: in run_in_threadpool
    return await anyio.to_thread.run_sync(func, *args)
C:\Python313\Lib\site-packages\anyio\to_thread.py:56: in run_sync
    return await get_async_backend().run_sync_in_worker_thread(
C:\Python313\Lib\site-packages\anyio\_backends\_asyncio.py:2485: in run_sync_in_worker_thread
    return await future
C:\Python313\Lib\site-packages\anyio\_backends\_asyncio.py:976: in run
    result = context.run(func, *args)
backend\app\api\v1\quick_actions.py:155: in export_data
    filename, content, media_type = service.export_data(current_user, format.lower(), export_type.lower())
backend\app\services\quick_action_service.py:343: in export_data
    filename = f"quick_actions_{export_type}_{datetime.utcnow().strftime('%Y%m%d%H%M%S')}"
E   NameError: name 'datetime' is not defined. Did you forget to import 'datetime'?
---------------------------- Captured stdout setup ----------------------------
Starting TransitOps v1.0.0
Environment: development
Database: configured
Database tables created
-------------------------- Captured stdout teardown ---------------------------
Shutting down TransitOps
============================== warnings summary ===============================
backend\app\schemas\activity.py:29
  C:\Users\hp\Downloads\New folder (6)\transitops-odoo-hackathon-2026\backend\app\schemas\activity.py:29: PydanticDeprecatedSince20: Support for class-based `config` is deprecated, use ConfigDict instead. Deprecated in Pydantic V2.0 to be removed in V3.0. See Pydantic V2 Migration Guide at https://errors.pydantic.dev/2.12/migration/
    class ActivityResponse(ActivityBase):

backend\app\api\v1\activity.py:87
  C:\Users\hp\Downloads\New folder (6)\transitops-odoo-hackathon-2026\backend\app\api\v1\activity.py:87: DeprecationWarning: `regex` has been deprecated, please use `pattern` instead
    format: str = Query("csv", regex="^(csv|pdf)$"),

backend\app\schemas\rbac.py:24
  C:\Users\hp\Downloads\New folder (6)\transitops-odoo-hackathon-2026\backend\app\schemas\rbac.py:24: PydanticDeprecatedSince20: Support for class-based `config` is deprecated, use ConfigDict instead. Deprecated in Pydantic V2.0 to be removed in V3.0. See Pydantic V2 Migration Guide at https://errors.pydantic.dev/2.12/migration/
    class RoleResponse(RoleBase):

backend\app\schemas\rbac.py:42
  C:\Users\hp\Downloads\New folder (6)\transitops-odoo-hackathon-2026\backend\app\schemas\rbac.py:42: PydanticDeprecatedSince20: Support for class-based `config` is deprecated, use ConfigDict instead. Deprecated in Pydantic V2.0 to be removed in V3.0. See Pydantic V2 Migration Guide at https://errors.pydantic.dev/2.12/migration/
    class PermissionAuditLogResponse(BaseModel):

backend\app\main.py:144
  C:\Users\hp\Downloads\New folder (6)\transitops-odoo-hackathon-2026\backend\app\main.py:144: DeprecationWarning: 
          on_event is deprecated, use lifespan event handlers instead.
  
          Read more about it in the
          [FastAPI docs for Lifespan Events](https://fastapi.tiangolo.com/advanced/events/).
          
    @app.on_event("startup")

..\..\..\..\..\Python313\Lib\site-packages\fastapi\applications.py:4495
..\..\..\..\..\Python313\Lib\site-packages\fastapi\applications.py:4495
  C:\Python313\Lib\site-packages\fastapi\applications.py:4495: DeprecationWarning: 
          on_event is deprecated, use lifespan event handlers instead.
  
          Read more about it in the
          [FastAPI docs for Lifespan Events](https://fastapi.tiangolo.com/advanced/events/).
          
    return self.router.on_event(event_type)

backend\app\main.py:164
  C:\Users\hp\Downloads\New folder (6)\transitops-odoo-hackathon-2026\backend\app\main.py:164: DeprecationWarning: 
          on_event is deprecated, use lifespan event handlers instead.
  
          Read more about it in the
          [FastAPI docs for Lifespan Events](https://fastapi.tiangolo.com/advanced/events/).
          
    @app.on_event("shutdown")

backend/tests/test_quick_actions.py: 32 warnings
backend/tests/test_recent_actions.py: 16 warnings
backend/tests/test_quick_action_permissions.py: 18 warnings
backend/tests/test_quick_action_favorites.py: 16 warnings
  C:\Python313\Lib\site-packages\sqlalchemy\sql\schema.py:3623: DeprecationWarning: datetime.datetime.utcnow() is deprecated and scheduled for removal in a future version. Use timezone-aware objects to represent datetimes in UTC: datetime.datetime.now(datetime.UTC).
    return util.wrap_callable(lambda ctx: fn(), fn)  # type: ignore

backend/tests/test_quick_actions.py::test_list_available_actions
backend/tests/test_quick_actions.py::test_execute_action_success_and_logs
backend/tests/test_quick_actions.py::test_export_statistics
backend/tests/test_recent_actions.py::test_recent_actions_logged_and_limited
backend/tests/test_recent_actions.py::test_export_recent_json
backend/tests/test_quick_action_permissions.py::test_permissions_grouping
backend/tests/test_quick_action_permissions.py::test_execute_permission_denied_logs_notification
backend/tests/test_quick_action_favorites.py::test_add_and_remove_favorite
backend/tests/test_quick_action_favorites.py::test_favorites_export_pdf
  C:\Users\hp\Downloads\New folder (6)\transitops-odoo-hackathon-2026\backend\app\api\v1\auth.py:85: DeprecationWarning: datetime.datetime.utcnow() is deprecated and scheduled for removal in a future version. Use timezone-aware objects to represent datetimes in UTC: datetime.datetime.now(datetime.UTC).
    user.last_login = datetime.utcnow()

backend/tests/test_quick_actions.py::test_list_available_actions
backend/tests/test_quick_actions.py::test_execute_action_success_and_logs
backend/tests/test_quick_actions.py::test_export_statistics
backend/tests/test_recent_actions.py::test_recent_actions_logged_and_limited
backend/tests/test_recent_actions.py::test_export_recent_json
backend/tests/test_quick_action_permissions.py::test_permissions_grouping
backend/tests/test_quick_action_permissions.py::test_execute_permission_denied_logs_notification
backend/tests/test_quick_action_favorites.py::test_add_and_remove_favorite
backend/tests/test_quick_action_favorites.py::test_favorites_export_pdf
  C:\Users\hp\Downloads\New folder (6)\transitops-odoo-hackathon-2026\backend\app\core\security.py:59: DeprecationWarning: datetime.datetime.utcnow() is deprecated and scheduled for removal in a future version. Use timezone-aware objects to represent datetimes in UTC: datetime.datetime.now(datetime.UTC).
    expire = datetime.utcnow() + expires_delta

backend/tests/test_quick_actions.py::test_list_available_actions
backend/tests/test_quick_actions.py::test_execute_action_success_and_logs
backend/tests/test_quick_actions.py::test_export_statistics
backend/tests/test_recent_actions.py::test_recent_actions_logged_and_limited
backend/tests/test_recent_actions.py::test_export_recent_json
backend/tests/test_quick_action_permissions.py::test_permissions_grouping
backend/tests/test_quick_action_permissions.py::test_execute_permission_denied_logs_notification
backend/tests/test_quick_action_favorites.py::test_add_and_remove_favorite
backend/tests/test_quick_action_favorites.py::test_favorites_export_pdf
  C:\Users\hp\Downloads\New folder (6)\transitops-odoo-hackathon-2026\backend\app\core\security.py:65: DeprecationWarning: datetime.datetime.utcnow() is deprecated and scheduled for removal in a future version. Use timezone-aware objects to represent datetimes in UTC: datetime.datetime.now(datetime.UTC).
    "iat": datetime.utcnow()

backend/tests/test_quick_actions.py: 3 warnings
backend/tests/test_recent_actions.py: 2 warnings
backend/tests/test_quick_action_permissions.py: 2 warnings
backend/tests/test_quick_action_favorites.py: 3 warnings
  C:\Python313\Lib\site-packages\jose\jwt.py:311: DeprecationWarning: datetime.datetime.utcnow() is deprecated and scheduled for removal in a future version. Use timezone-aware objects to represent datetimes in UTC: datetime.datetime.now(datetime.UTC).
    now = timegm(datetime.utcnow().utctimetuple())

-- Docs: https://docs.pytest.org/en/stable/how-to/capture-warnings.html
=========================== short test summary info ===========================
FAILED backend/tests/test_quick_actions.py::test_list_available_actions - ass...
FAILED backend/tests/test_quick_actions.py::test_execute_action_success_and_logs
FAILED backend/tests/test_quick_actions.py::test_export_statistics - NameErro...
FAILED backend/tests/test_recent_actions.py::test_recent_actions_logged_and_limited
FAILED backend/tests/test_recent_actions.py::test_export_recent_json - NameEr...
FAILED backend/tests/test_quick_action_permissions.py::test_execute_permission_denied_logs_notification
FAILED backend/tests/test_quick_action_favorites.py::test_add_and_remove_favorite
FAILED backend/tests/test_quick_action_favorites.py::test_favorites_export_pdf
================== 8 failed, 1 passed, 127 warnings in 9.81s ==================
