============================= test session starts =============================
platform win32 -- Python 3.13.7, pytest-7.4.4, pluggy-1.6.0 -- C:\Python313\python.exe
cachedir: .pytest_cache
hypothesis profile 'default'
rootdir: C:\Users\hp\Downloads\New folder (6)\transitops-odoo-hackathon-2026\backend
plugins: anyio-4.11.0, dash-3.2.0, hypothesis-6.152.7, asyncio-0.23.3, cov-6.2.1
asyncio: mode=Mode.STRICT
collecting ... collected 5 items

tests/test_support_tickets.py::test_get_tickets ERROR                    [ 20%]
tests/test_support_tickets.py::test_create_ticket ERROR                  [ 40%]
tests/test_support_tickets.py::test_driver_cannot_resolve_ticket ERROR   [ 60%]
tests/test_support_tickets.py::test_admin_can_resolve_ticket ERROR       [ 80%]
tests/test_support_tickets.py::test_search_tickets ERROR                 [100%]

=================================== ERRORS ====================================
_____________________ ERROR at setup of test_get_tickets ______________________
file C:\Users\hp\Downloads\New folder (6)\transitops-odoo-hackathon-2026\backend\tests\test_support_tickets.py, line 5
  def test_get_tickets(client: TestClient, admin_token_headers: dict):
E       fixture 'admin_token_headers' not found
>       available fixtures: _session_event_loop, anyio_backend, anyio_backend_name, anyio_backend_options, auth_headers, cache, capfd, capfdbinary, caplog, capsys, capsysbinary, client, cov, dash_br, dash_duo, dash_duo_mp, dash_multi_process_server, dash_process_server, dash_thread_server, dashjl, dashjl_server, dashr, dashr_server, db_engine, db_session, diskcache_manager, doctest_namespace, event_loop, event_loop_policy, free_tcp_port, free_tcp_port_factory, free_udp_port, free_udp_port_factory, monkeypatch, no_cover, pytestconfig, record_property, record_testsuite_property, record_xml_attribute, recwarn, tests/test_support_tickets.py::<event_loop>, tmp_path, tmp_path_factory, tmpdir, tmpdir_factory, unused_tcp_port, unused_tcp_port_factory, unused_udp_port, unused_udp_port_factory
>       use 'pytest --fixtures [testpath]' for help on them.

C:\Users\hp\Downloads\New folder (6)\transitops-odoo-hackathon-2026\backend\tests\test_support_tickets.py:5
---------------------------- Captured stdout setup ----------------------------
Starting TransitOps v1.0.0
Environment: development
Database: configured
Database tables created
____________________ ERROR at setup of test_create_ticket _____________________
file C:\Users\hp\Downloads\New folder (6)\transitops-odoo-hackathon-2026\backend\tests\test_support_tickets.py, line 12
  def test_create_ticket(client: TestClient, driver_token_headers: dict):
E       fixture 'driver_token_headers' not found
>       available fixtures: _session_event_loop, anyio_backend, anyio_backend_name, anyio_backend_options, auth_headers, cache, capfd, capfdbinary, caplog, capsys, capsysbinary, client, cov, dash_br, dash_duo, dash_duo_mp, dash_multi_process_server, dash_process_server, dash_thread_server, dashjl, dashjl_server, dashr, dashr_server, db_engine, db_session, diskcache_manager, doctest_namespace, event_loop, event_loop_policy, free_tcp_port, free_tcp_port_factory, free_udp_port, free_udp_port_factory, monkeypatch, no_cover, pytestconfig, record_property, record_testsuite_property, record_xml_attribute, recwarn, tests/test_support_tickets.py::<event_loop>, tmp_path, tmp_path_factory, tmpdir, tmpdir_factory, unused_tcp_port, unused_tcp_port_factory, unused_udp_port, unused_udp_port_factory
>       use 'pytest --fixtures [testpath]' for help on them.

C:\Users\hp\Downloads\New folder (6)\transitops-odoo-hackathon-2026\backend\tests\test_support_tickets.py:12
---------------------------- Captured stdout setup ----------------------------
Starting TransitOps v1.0.0
Environment: development
Database: configured
Database tables created
_____________ ERROR at setup of test_driver_cannot_resolve_ticket _____________
file C:\Users\hp\Downloads\New folder (6)\transitops-odoo-hackathon-2026\backend\tests\test_support_tickets.py, line 29
  def test_driver_cannot_resolve_ticket(client: TestClient, driver_token_headers: dict, admin_token_headers: dict):
E       fixture 'driver_token_headers' not found
>       available fixtures: _session_event_loop, anyio_backend, anyio_backend_name, anyio_backend_options, auth_headers, cache, capfd, capfdbinary, caplog, capsys, capsysbinary, client, cov, dash_br, dash_duo, dash_duo_mp, dash_multi_process_server, dash_process_server, dash_thread_server, dashjl, dashjl_server, dashr, dashr_server, db_engine, db_session, diskcache_manager, doctest_namespace, event_loop, event_loop_policy, free_tcp_port, free_tcp_port_factory, free_udp_port, free_udp_port_factory, monkeypatch, no_cover, pytestconfig, record_property, record_testsuite_property, record_xml_attribute, recwarn, tests/test_support_tickets.py::<event_loop>, tmp_path, tmp_path_factory, tmpdir, tmpdir_factory, unused_tcp_port, unused_tcp_port_factory, unused_udp_port, unused_udp_port_factory
>       use 'pytest --fixtures [testpath]' for help on them.

C:\Users\hp\Downloads\New folder (6)\transitops-odoo-hackathon-2026\backend\tests\test_support_tickets.py:29
---------------------------- Captured stdout setup ----------------------------
Starting TransitOps v1.0.0
Environment: development
Database: configured
Database tables created
_______________ ERROR at setup of test_admin_can_resolve_ticket _______________
file C:\Users\hp\Downloads\New folder (6)\transitops-odoo-hackathon-2026\backend\tests\test_support_tickets.py, line 46
  def test_admin_can_resolve_ticket(client: TestClient, driver_token_headers: dict, admin_token_headers: dict):
E       fixture 'driver_token_headers' not found
>       available fixtures: _session_event_loop, anyio_backend, anyio_backend_name, anyio_backend_options, auth_headers, cache, capfd, capfdbinary, caplog, capsys, capsysbinary, client, cov, dash_br, dash_duo, dash_duo_mp, dash_multi_process_server, dash_process_server, dash_thread_server, dashjl, dashjl_server, dashr, dashr_server, db_engine, db_session, diskcache_manager, doctest_namespace, event_loop, event_loop_policy, free_tcp_port, free_tcp_port_factory, free_udp_port, free_udp_port_factory, monkeypatch, no_cover, pytestconfig, record_property, record_testsuite_property, record_xml_attribute, recwarn, tests/test_support_tickets.py::<event_loop>, tmp_path, tmp_path_factory, tmpdir, tmpdir_factory, unused_tcp_port, unused_tcp_port_factory, unused_udp_port, unused_udp_port_factory
>       use 'pytest --fixtures [testpath]' for help on them.

C:\Users\hp\Downloads\New folder (6)\transitops-odoo-hackathon-2026\backend\tests\test_support_tickets.py:46
---------------------------- Captured stdout setup ----------------------------
Starting TransitOps v1.0.0
Environment: development
Database: configured
Database tables created
____________________ ERROR at setup of test_search_tickets ____________________
file C:\Users\hp\Downloads\New folder (6)\transitops-odoo-hackathon-2026\backend\tests\test_support_tickets.py, line 65
  def test_search_tickets(client: TestClient, admin_token_headers: dict):
E       fixture 'admin_token_headers' not found
>       available fixtures: _session_event_loop, anyio_backend, anyio_backend_name, anyio_backend_options, auth_headers, cache, capfd, capfdbinary, caplog, capsys, capsysbinary, client, cov, dash_br, dash_duo, dash_duo_mp, dash_multi_process_server, dash_process_server, dash_thread_server, dashjl, dashjl_server, dashr, dashr_server, db_engine, db_session, diskcache_manager, doctest_namespace, event_loop, event_loop_policy, free_tcp_port, free_tcp_port_factory, free_udp_port, free_udp_port_factory, monkeypatch, no_cover, pytestconfig, record_property, record_testsuite_property, record_xml_attribute, recwarn, tests/test_support_tickets.py::<event_loop>, tmp_path, tmp_path_factory, tmpdir, tmpdir_factory, unused_tcp_port, unused_tcp_port_factory, unused_udp_port, unused_udp_port_factory
>       use 'pytest --fixtures [testpath]' for help on them.

C:\Users\hp\Downloads\New folder (6)\transitops-odoo-hackathon-2026\backend\tests\test_support_tickets.py:65
---------------------------- Captured stdout setup ----------------------------
Starting TransitOps v1.0.0
Environment: development
Database: configured
Database tables created
============================== warnings summary ===============================
app\schemas\activity.py:29
  C:\Users\hp\Downloads\New folder (6)\transitops-odoo-hackathon-2026\backend\app\schemas\activity.py:29: PydanticDeprecatedSince20: Support for class-based `config` is deprecated, use ConfigDict instead. Deprecated in Pydantic V2.0 to be removed in V3.0. See Pydantic V2 Migration Guide at https://errors.pydantic.dev/2.12/migration/
    class ActivityResponse(ActivityBase):

app\api\v1\activity.py:87
  C:\Users\hp\Downloads\New folder (6)\transitops-odoo-hackathon-2026\backend\app\api\v1\activity.py:87: DeprecationWarning: `regex` has been deprecated, please use `pattern` instead
    format: str = Query("csv", regex="^(csv|pdf)$"),

app\main.py:142
  C:\Users\hp\Downloads\New folder (6)\transitops-odoo-hackathon-2026\backend\app\main.py:142: DeprecationWarning: 
          on_event is deprecated, use lifespan event handlers instead.
  
          Read more about it in the
          [FastAPI docs for Lifespan Events](https://fastapi.tiangolo.com/advanced/events/).
          
    @app.on_event("startup")

..\..\..\..\..\..\Python313\Lib\site-packages\fastapi\applications.py:4495
..\..\..\..\..\..\Python313\Lib\site-packages\fastapi\applications.py:4495
  C:\Python313\Lib\site-packages\fastapi\applications.py:4495: DeprecationWarning: 
          on_event is deprecated, use lifespan event handlers instead.
  
          Read more about it in the
          [FastAPI docs for Lifespan Events](https://fastapi.tiangolo.com/advanced/events/).
          
    return self.router.on_event(event_type)

app\main.py:159
  C:\Users\hp\Downloads\New folder (6)\transitops-odoo-hackathon-2026\backend\app\main.py:159: DeprecationWarning: 
          on_event is deprecated, use lifespan event handlers instead.
  
          Read more about it in the
          [FastAPI docs for Lifespan Events](https://fastapi.tiangolo.com/advanced/events/).
          
    @app.on_event("shutdown")

-- Docs: https://docs.pytest.org/en/stable/how-to/capture-warnings.html
=========================== short test summary info ===========================
ERROR tests/test_support_tickets.py::test_get_tickets
ERROR tests/test_support_tickets.py::test_create_ticket
ERROR tests/test_support_tickets.py::test_driver_cannot_resolve_ticket
ERROR tests/test_support_tickets.py::test_admin_can_resolve_ticket
ERROR tests/test_support_tickets.py::test_search_tickets
======================== 6 warnings, 5 errors in 2.75s ========================
